// Jest Snapshot v1, https://goo.gl/fbAQLP

exports[`<Logo test case matches snapshot 1`] = `
<div>
  <div
    data-testid="logo"
    id="logo"
  >
    <img
      alt="Pokemon"
      srcset="./images/pokemon-logo.png 1x, ./images/pokemon-logo@2x.png 2x, ./images/pokemon-logo@3x.png 3x"
    />
    <img
      alt="finder"
      class="finder"
      srcset="./images/finder.png 1x, ./images/finder@2x.png, ./images/finder@3x.png 3x"
    />
  </div>
</div>
`;
