// Jest Snapshot v1, https://goo.gl/fbAQLP

exports[`<Loading /> matches snapshot 1`] = `
<div>
  <div
    data-testid="loading"
    id="loading"
  />
</div>
`;
